// Jest Snapshot v1, https://goo.gl/fbAQLP

exports[`Tests the root component <App/> matches snapshot 1`] = `
<div>
  <div
    style="display: flex; flex-direction: row; align-items: center; justify-content: center; width: 100%; height: 100%;"
  >
    <div
      class="makeStyles-root-13"
      style="min-width: 500px; width: 70%; max-width: 600px; height: auto;"
    >
      <img
        alt="Hydrocarbon Forecasting Platform Company Logo"
        class="makeStyles-image-14"
        src="ApexLogoFull.svg"
      />
      <h6
        class="MuiTypography-root makeStyles-typography-15 MuiTypography-h6"
      >
        - Versatile Hydrocarbon Forecasting and Economics Evaluation Platform
      </h6>
      <form
        action="#"
        class="makeStyles-form-16"
      >
        <div
          class="makeStyles-formTextFields-17"
        >
          <div
            class="MuiFormControl-root MuiTextField-root MuiFormControl-fullWidth"
          >
            <label
              class="MuiFormLabel-root MuiInputLabel-root MuiInputLabel-formControl MuiInputLabel-animated MuiInputLabel-shrink Mui-focused Mui-focused Mui-required Mui-required"
              data-shrink="true"
            >
              Username
              <span
                aria-hidden="true"
                class="MuiFormLabel-asterisk MuiInputLabel-asterisk"
              >
                 
                *
              </span>
            </label>
            <div
              class="MuiInputBase-root MuiInput-root MuiInputBase-fullWidth MuiInput-fullWidth Mui-focused Mui-focused MuiInputBase-formControl MuiInput-formControl MuiInputBase-adornedStart"
            >
              <div
                class="MuiInputAdornment-root MuiInputAdornment-positionStart"
              >
                <svg
                  aria-hidden="true"
                  class="MuiSvgIcon-root"
                  focusable="false"
                  viewBox="0 0 24 24"
                >
                  <path
                    d="M12 12c2.21 0 4-1.79 4-4s-1.79-4-4-4-4 1.79-4 4 1.79 4 4 4zm0 2c-2.67 0-8 1.34-8 4v2h16v-2c0-2.66-5.33-4-8-4z"
                  />
                </svg>
              </div>
              <input
                aria-invalid="false"
                class="MuiInputBase-input MuiInput-input MuiInputBase-inputAdornedStart"
                name="userName"
                required=""
                type="text"
                value=""
              />
            </div>
            
          </div>
          <div
            class="MuiFormControl-root MuiTextField-root MuiFormControl-fullWidth"
          >
            <label
              class="MuiFormLabel-root MuiInputLabel-root MuiInputLabel-formControl MuiInputLabel-animated MuiInputLabel-shrink Mui-required Mui-required"
              data-shrink="true"
            >
              Password
              <span
                aria-hidden="true"
                class="MuiFormLabel-asterisk MuiInputLabel-asterisk"
              >
                 
                *
              </span>
            </label>
            <div
              class="MuiInputBase-root MuiInput-root MuiInputBase-fullWidth MuiInput-fullWidth MuiInputBase-formControl MuiInput-formControl MuiInputBase-adornedStart MuiInputBase-adornedEnd"
            >
              <div
                class="MuiInputAdornment-root MuiInputAdornment-positionStart"
              >
                <svg
                  aria-hidden="true"
                  class="MuiSvgIcon-root"
                  focusable="false"
                  viewBox="0 0 24 24"
                >
                  <path
                    d="M18 8h-1V6c0-2.76-2.24-5-5-5S7 3.24 7 6v2H6c-1.1 0-2 .9-2 2v10c0 1.1.9 2 2 2h12c1.1 0 2-.9 2-2V10c0-1.1-.9-2-2-2zm-6 9c-1.1 0-2-.9-2-2s.9-2 2-2 2 .9 2 2-.9 2-2 2zm3.1-9H8.9V6c0-1.71 1.39-3.1 3.1-3.1 1.71 0 3.1 1.39 3.1 3.1v2z"
                  />
                </svg>
              </div>
              <input
                aria-invalid="false"
                autocomplete="current-password"
                class="MuiInputBase-input MuiInput-input MuiInputBase-inputAdornedStart MuiInputBase-inputAdornedEnd"
                name="password"
                required=""
                type="password"
                value=""
              />
              <div
                class="MuiInputAdornment-root MuiInputAdornment-positionEnd"
              >
                <button
                  aria-label="toggle password visibility"
                  class="MuiButtonBase-root MuiIconButton-root"
                  tabindex="0"
                  type="button"
                >
                  <span
                    class="MuiIconButton-label"
                  >
                    <svg
                      aria-hidden="true"
                      class="MuiSvgIcon-root"
                      focusable="false"
                      viewBox="0 0 24 24"
                    >
                      <path
                        d="M12 7c2.76 0 5 2.24 5 5 0 .65-.13 1.26-.36 1.83l2.92 2.92c1.51-1.26 2.7-2.89 3.43-4.75-1.73-4.39-6-7.5-11-7.5-1.4 0-2.74.25-3.98.7l2.16 2.16C10.74 7.13 11.35 7 12 7zM2 4.27l2.28 2.28.46.46C3.08 8.3 1.78 10.02 1 12c1.73 4.39 6 7.5 11 7.5 1.55 0 3.03-.3 4.38-.84l.42.42L19.73 22 21 20.73 3.27 3 2 4.27zM7.53 9.8l1.55 1.55c-.05.21-.08.43-.08.65 0 1.66 1.34 3 3 3 .22 0 .44-.03.65-.08l1.55 1.55c-.67.33-1.41.53-2.2.53-2.76 0-5-2.24-5-5 0-.79.2-1.53.53-2.2zm4.31-.78l3.15 3.15.02-.16c0-1.66-1.34-3-3-3l-.17.01z"
                      />
                    </svg>
                  </span>
                  <span
                    class="MuiTouchRipple-root"
                  />
                </button>
              </div>
            </div>
            
          </div>
        </div>
        <label
          class="MuiFormControlLabel-root"
        >
          <span
            aria-disabled="false"
            class="MuiButtonBase-root MuiIconButton-root PrivateSwitchBase-root-21 MuiCheckbox-root MuiCheckbox-colorPrimary MuiIconButton-colorPrimary"
          >
            <span
              class="MuiIconButton-label"
            >
              <input
                class="PrivateSwitchBase-input-24"
                data-indeterminate="false"
                type="checkbox"
                value="remember"
              />
              <svg
                aria-hidden="true"
                class="MuiSvgIcon-root"
                focusable="false"
                viewBox="0 0 24 24"
              >
                <path
                  d="M19 5v14H5V5h14m0-2H5c-1.1 0-2 .9-2 2v14c0 1.1.9 2 2 2h14c1.1 0 2-.9 2-2V5c0-1.1-.9-2-2-2z"
                />
              </svg>
            </span>
            <span
              class="MuiTouchRipple-root"
            />
          </span>
          <span
            class="MuiTypography-root MuiFormControlLabel-label MuiTypography-body1"
          >
            Remember me
          </span>
        </label>
        <button
          class="MuiButtonBase-root MuiButton-root MuiButton-contained makeStyles-button-19 MuiButton-containedPrimary MuiButton-disableElevation MuiButton-fullWidth"
          tabindex="0"
          type="submit"
        >
          <span
            class="MuiButton-label"
          >
            Submit
          </span>
        </button>
      </form>
    </div>
  </div>
</div>
`;
